# The Octocat

A test account for the API and Octocat lovers everywhere.

## GitHub Activity

### Contributions

- example-org/example-repo: 5 events ([commits](https://github.com/example-org/example-repo/commits?author=octocat) · [activity](https://github.com/example-org/example-repo/issues?q=updated:30d+author:octocat))


### Repositories

- [Hello-World](https://github.com/octocat/Hello-World) — My first repository on GitHub. (pushed 1d ago)
- [Spoon-Knife](https://github.com/octocat/Spoon-Knife) (pushed now)


### Pull Requests

- [Fix a bug](https://github.com/example-org/example-repo/pull/42) in example-org/example-repo (open)


### Most Active Projects

- example-org/example-repo: 8 activity (5 commits, 2 pull requests, 1 reviews)


## Feeds

### Blog

- [Example Post](https://example.com/posts/1)


